CODONML (in paml version 4.10.7, June 2023)  codons_final.isolate_unique.filtered_sequential.phy
Model: One dN/dS ratio, 
Codon frequency model: F3x4
ns =  34  ls = 113

Codon usage in sequences
--------------------------------------------------------------------------------------------------------------------------------------
Phe TTT   0   0   0   0   0   0 | Ser TCT   1   0   2   3   2   3 | Tyr TAT   0   0   0   0   0   0 | Cys TGT   0   0   0   0   0   0
    TTC   0   0   0   0   0   0 |     TCC   2   3   2   2   2   1 |     TAC   0   0   0   0   0   0 |     TGC   0   0   0   0   0   0
Leu TTA   1   1   1   0   0   0 |     TCA   0   1   0   0   0   0 | *** TAA   0   0   0   0   0   0 | *** TGA   0   0   0   0   0   0
    TTG   0   1   0   2   2   1 |     TCG   2   1   2   0   0   0 |     TAG   0   0   0   0   0   0 | Trp TGG   0   0   0   0   0   0
--------------------------------------------------------------------------------------------------------------------------------------
Leu CTT   2   1   2   0   0   0 | Pro CCT   4   7   6   6   6   6 | His CAT   2   1   1   0   0   0 | Arg CGT   0   1   0   2   2   2
    CTC   0   1   0   1   1   1 |     CCC   5   1   4   2   2   2 |     CAC   0   2   1   0   0   0 |     CGC   0   0   0   0   0   0
    CTA   0   0   0   0   0   0 |     CCA   0   0   0   0   0   0 | Gln CAA   0   0   0   0   0   0 |     CGA   1   1   1   0   0   0
    CTG   0   0   0   0   0   1 |     CCG   1   1   0   0   0   0 |     CAG   1   1   1   0   0   0 |     CGG   1   0   1   0   0   0
--------------------------------------------------------------------------------------------------------------------------------------
Ile ATT   1   2   1   0   0   0 | Thr ACT   4   4   4   6   8   8 | Asn AAT   1   1   0   2   1   1 | Ser AGT   3   2   2   0   1   1
    ATC   3   2   3   1   1   2 |     ACC   1   2   1   3   2   1 |     AAC   3   5   4   2   3   3 |     AGC   2   2   2   2   2   2
    ATA   0   0   0   0   0   0 |     ACA   0   0   0   0   0   0 | Lys AAA   2   1   3   2   3   2 | Arg AGA   1   1   1   0   0   0
Met ATG   2   1   1   1   1   1 |     ACG   0   0   2   0   0   0 |     AAG  23  26  22  27  26  27 |     AGG   1   0   2   0   0   0
--------------------------------------------------------------------------------------------------------------------------------------
Val GTT   2   2   5   1   2   4 | Ala GCT  14   8  11  23  21  19 | Asp GAT   0   0   0   0   0   0 | Gly GGT   2   3   3   4   2   3
    GTC   0   1   1   0   1   1 |     GCC   9  11   9  13  12  12 |     GAC   0   0   0   0   0   0 |     GGC   3   2   2   1   2   1
    GTA   0   0   0   0   0   0 |     GCA   4   4   3   0   0   0 | Glu GAA   2   1   2   1   0   0 |     GGA   0   0   0   0   0   0
    GTG   1   2   3   1   1   1 |     GCG   4   4   0   2   3   3 |     GAG   1   1   1   3   4   4 |     GGG   1   1   1   0   0   0
--------------------------------------------------------------------------------------------------------------------------------------

--------------------------------------------------------------------------------------------------------------------------------------
Phe TTT   0   0   0   0   0   0 | Ser TCT   2   2   2   2   3   3 | Tyr TAT   0   0   0   0   0   0 | Cys TGT   0   0   0   0   0   0
    TTC   0   0   0   0   0   0 |     TCC   2   2   2   2   1   1 |     TAC   0   0   0   0   0   0 |     TGC   0   0   0   0   0   0
Leu TTA   0   0   0   0   0   0 |     TCA   0   0   0   0   0   0 | *** TAA   0   0   0   0   0   0 | *** TGA   0   0   0   0   0   0
    TTG   2   2   1   1   1   1 |     TCG   0   0   0   0   0   0 |     TAG   0   0   0   0   0   0 | Trp TGG   0   0   0   0   0   0
--------------------------------------------------------------------------------------------------------------------------------------
Leu CTT   0   0   1   1   1   1 | Pro CCT   6   6   5   5   5   5 | His CAT   0   0   0   0   0   0 | Arg CGT   2   2   2   2   2   2
    CTC   1   1   1   1   1   1 |     CCC   2   2   2   2   2   2 |     CAC   0   0   0   0   0   0 |     CGC   0   0   0   0   0   0
    CTA   0   0   0   0   0   0 |     CCA   0   0   0   0   0   0 | Gln CAA   0   0   0   0   0   0 |     CGA   0   0   0   0   0   0
    CTG   0   0   1   1   1   1 |     CCG   0   0   0   0   0   0 |     CAG   0   0   0   0   0   0 |     CGG   0   0   0   0   0   0
--------------------------------------------------------------------------------------------------------------------------------------
Ile ATT   0   0   0   0   0   0 | Thr ACT   8   8   7   7   9   8 | Asn AAT   1   1   1   1   1   1 | Ser AGT   1   1   2   2   2   2
    ATC   1   1   1   1   1   1 |     ACC   2   2   3   3   2   3 |     AAC   3   3   3   3   3   3 |     AGC   2   2   2   2   2   2
    ATA   0   0   0   0   0   0 |     ACA   0   0   0   0   0   0 | Lys AAA   2   2   3   2   2   2 | Arg AGA   0   0   0   0   0   0
Met ATG   1   1   1   1   1   1 |     ACG   0   0   0   0   0   0 |     AAG  27  27  26  27  27  27 |     AGG   0   0   0   0   0   0
--------------------------------------------------------------------------------------------------------------------------------------
Val GTT   3   3   5   5   4   4 | Ala GCT  20  20  16  16  16  16 | Asp GAT   0   0   0   0   0   0 | Gly GGT   2   2   3   3   3   3
    GTC   0   0   0   0   0   0 |     GCC  12  13  13  13  14  14 |     GAC   0   0   0   0   0   0 |     GGC   2   2   1   1   1   1
    GTA   0   0   0   0   0   0 |     GCA   1   0   0   0   0   0 | Glu GAA   0   0   0   0   0   0 |     GGA   0   0   0   0   0   0
    GTG   1   1   1   1   1   1 |     GCG   3   3   4   4   3   3 |     GAG   4   4   4   4   4   4 |     GGG   0   0   0   0   0   0
--------------------------------------------------------------------------------------------------------------------------------------

--------------------------------------------------------------------------------------------------------------------------------------
Phe TTT   0   0   0   0   0   0 | Ser TCT   1   1   1   1   1   1 | Tyr TAT   0   0   0   0   0   0 | Cys TGT   0   0   0   0   0   0
    TTC   0   0   0   0   0   0 |     TCC   2   2   2   1   1   1 |     TAC   0   0   0   0   0   0 |     TGC   0   0   0   0   0   0
Leu TTA   1   1   1   1   1   1 |     TCA   0   0   0   0   0   0 | *** TAA   0   0   0   0   0   0 | *** TGA   0   0   0   0   0   0
    TTG   0   0   0   0   0   0 |     TCG   1   2   2   3   3   3 |     TAG   0   0   0   0   0   0 | Trp TGG   0   0   0   0   0   0
--------------------------------------------------------------------------------------------------------------------------------------
Leu CTT   2   2   2   2   2   2 | Pro CCT   4   4   4   4   4   4 | His CAT   2   2   2   2   2   2 | Arg CGT   0   0   0   0   0   0
    CTC   0   0   0   0   0   0 |     CCC   6   6   6   5   5   5 |     CAC   0   0   0   0   0   0 |     CGC   0   0   0   0   0   0
    CTA   0   0   0   0   0   0 |     CCA   0   0   0   0   0   0 | Gln CAA   0   0   0   0   0   0 |     CGA   1   1   1   1   1   1
    CTG   0   0   0   0   0   0 |     CCG   1   1   1   2   2   2 |     CAG   1   1   1   1   1   1 |     CGG   1   1   1   1   1   1
--------------------------------------------------------------------------------------------------------------------------------------
Ile ATT   1   1   1   1   1   1 | Thr ACT   4   4   4   4   4   4 | Asn AAT   1   1   1   1   1   1 | Ser AGT   3   3   3   3   3   3
    ATC   3   3   3   3   3   3 |     ACC   1   1   1   1   1   1 |     AAC   3   3   3   3   3   3 |     AGC   2   2   2   2   2   2
    ATA   0   0   0   0   0   0 |     ACA   0   0   0   0   0   0 | Lys AAA   2   2   2   2   2   2 | Arg AGA   1   1   1   1   1   1
Met ATG   2   2   2   2   2   2 |     ACG   0   0   0   0   0   0 |     AAG  23  23  23  22  22  22 |     AGG   1   1   1   1   1   1
--------------------------------------------------------------------------------------------------------------------------------------
Val GTT   2   2   2   2   2   2 | Ala GCT  14  15  14  13  13  13 | Asp GAT   0   0   0   0   0   0 | Gly GGT   2   2   2   2   2   2
    GTC   0   0   0   0   0   0 |     GCC   8   7   8   8   8   8 |     GAC   0   0   0   0   0   0 |     GGC   3   3   3   3   3   3
    GTA   0   0   0   0   0   0 |     GCA   4   3   4   5   5   5 | Glu GAA   2   2   2   2   2   2 |     GGA   0   0   0   0   0   0
    GTG   1   1   1   1   1   1 |     GCG   5   5   4   4   4   4 |     GAG   1   1   1   2   2   2 |     GGG   1   1   1   1   1   1
--------------------------------------------------------------------------------------------------------------------------------------

--------------------------------------------------------------------------------------------------------------------------------------
Phe TTT   0   0   0   0   0   0 | Ser TCT   1   1   0   0   0   2 | Tyr TAT   0   0   0   0   0   0 | Cys TGT   0   0   0   0   0   0
    TTC   0   0   0   0   0   0 |     TCC   2   2   3   3   3   3 |     TAC   0   0   0   0   0   0 |     TGC   0   0   0   0   0   0
Leu TTA   1   0   1   0   0   0 |     TCA   0   1   1   1   1   0 | *** TAA   0   0   0   0   0   0 | *** TGA   0   0   0   0   0   0
    TTG   0   1   1   1   1   1 |     TCG   2   1   1   1   1   1 |     TAG   0   0   0   0   0   0 | Trp TGG   0   0   0   0   0   0
--------------------------------------------------------------------------------------------------------------------------------------
Leu CTT   2   1   1   1   1   1 | Pro CCT   4   7   7   7   7   7 | His CAT   2   1   1   1   1   1 | Arg CGT   0   1   1   1   1   1
    CTC   0   1   1   1   1   1 |     CCC   6   2   1   2   2   2 |     CAC   0   1   2   1   1   1 |     CGC   0   0   0   0   0   0
    CTA   0   1   0   1   1   1 |     CCA   0   0   0   0   0   0 | Gln CAA   0   0   0   0   0   0 |     CGA   1   1   1   1   1   1
    CTG   0   0   0   0   0   0 |     CCG   1   1   1   1   1   1 |     CAG   1   1   1   1   1   1 |     CGG   1   0   0   0   0   0
--------------------------------------------------------------------------------------------------------------------------------------
Ile ATT   1   3   2   2   3   2 | Thr ACT   4   1   4   4   4   3 | Asn AAT   1   1   1   1   1   1 | Ser AGT   3   1   2   1   1   2
    ATC   3   2   2   2   2   2 |     ACC   1   2   2   2   2   3 |     AAC   3   5   5   5   5   4 |     AGC   2   3   2   3   3   3
    ATA   0   0   0   0   0   0 |     ACA   0   1   0   0   0   1 | Lys AAA   2   1   1   1   1   2 | Arg AGA   1   1   1   1   1   1
Met ATG   2   1   1   1   1   1 |     ACG   0   1   0   0   0   0 |     AAG  23  24  26  26  26  25 |     AGG   1   2   0   0   0   0
--------------------------------------------------------------------------------------------------------------------------------------
Val GTT   2   2   2   3   3   4 | Ala GCT  14  12   8   8   8   9 | Asp GAT   0   0   0   0   0   0 | Gly GGT   2   4   3   3   3   4
    GTC   0   1   1   2   2   1 |     GCC   8  11  11  11  11   9 |     GAC   0   0   0   0   0   0 |     GGC   3   1   2   2   2   1
    GTA   0   1   0   0   0   0 |     GCA   4   2   4   3   2   2 | Glu GAA   2   1   1   1   1   1 |     GGA   0   0   0   0   0   0
    GTG   1   1   2   1   1   1 |     GCG   4   2   4   4   4   4 |     GAG   1   1   1   1   1   1 |     GGG   1   1   1   1   1   1
--------------------------------------------------------------------------------------------------------------------------------------

--------------------------------------------------------------------------------------------------------------------------------------
Phe TTT   0   0   0   0   0   0 | Ser TCT   0   0   2   3   3   3 | Tyr TAT   0   0   0   0   0   0 | Cys TGT   0   0   0   0   0   0
    TTC   0   0   0   0   0   0 |     TCC   3   3   2   2   2   2 |     TAC   0   0   0   0   0   0 |     TGC   0   0   0   0   0   0
Leu TTA   0   0   0   0   0   0 |     TCA   1   1   0   0   0   0 | *** TAA   0   0   0   0   0   0 | *** TGA   0   0   0   0   0   0
    TTG   1   1   2   2   2   2 |     TCG   1   1   0   0   0   0 |     TAG   0   0   0   0   0   0 | Trp TGG   0   0   0   0   0   0
--------------------------------------------------------------------------------------------------------------------------------------
Leu CTT   2   1   0   0   0   0 | Pro CCT   7   7   7   6   6   6 | His CAT   1   1   0   0   0   0 | Arg CGT   1   1   2   2   2   2
    CTC   1   1   1   1   1   1 |     CCC   2   2   2   2   2   2 |     CAC   1   1   0   0   0   0 |     CGC   0   0   0   0   0   0
    CTA   1   1   0   0   0   0 |     CCA   0   0   0   0   0   0 | Gln CAA   0   0   0   0   0   0 |     CGA   1   1   0   0   0   0
    CTG   0   0   0   0   0   0 |     CCG   1   1   0   0   0   0 |     CAG   1   1   0   0   0   0 |     CGG   0   0   0   0   0   0
--------------------------------------------------------------------------------------------------------------------------------------
Ile ATT   3   4   0   0   0   0 | Thr ACT   3   3   4   5   6   6 | Asn AAT   1   1   2   2   2   2 | Ser AGT   1   1   1   0   0   0
    ATC   2   2   1   1   1   1 |     ACC   3   2   4   4   3   3 |     AAC   5   5   2   2   2   2 |     AGC   3   3   2   2   2   2
    ATA   1   0   0   0   0   0 |     ACA   0   0   0   0   0   0 | Lys AAA   1   1   2   2   2   2 | Arg AGA   1   1   0   0   0   0
Met ATG   1   1   1   1   1   1 |     ACG   0   0   1   0   0   0 |     AAG  26  26  26  27  27  27 |     AGG   0   0   0   0   0   0
--------------------------------------------------------------------------------------------------------------------------------------
Val GTT   2   2   1   1   1   1 | Ala GCT   9  11  23  22  23  23 | Asp GAT   0   0   0   0   0   0 | Gly GGT   4   4   4   3   4   4
    GTC   1   0   0   0   0   0 |     GCC  11  12  12  14  13  13 |     GAC   0   0   0   0   0   0 |     GGC   1   1   1   2   1   1
    GTA   0   1   0   0   0   0 |     GCA   1   1   1   0   0   0 | Glu GAA   1   1   0   1   1   1 |     GGA   0   0   0   0   0   0
    GTG   1   1   1   1   1   1 |     GCG   4   3   2   2   2   2 |     GAG   1   1   4   3   3   3 |     GGG   1   1   0   0   0   0
--------------------------------------------------------------------------------------------------------------------------------------

------------------------------------------------------------------------------------------------------
Phe TTT   0   0   0   0 | Ser TCT   3   3   3   3 | Tyr TAT   0   0   0   0 | Cys TGT   0   0   0   0
    TTC   0   0   0   0 |     TCC   2   2   2   2 |     TAC   0   0   0   0 |     TGC   0   0   0   0
Leu TTA   0   0   0   0 |     TCA   0   0   0   0 | *** TAA   0   0   0   0 | *** TGA   0   0   0   0
    TTG   2   2   2   2 |     TCG   0   0   0   0 |     TAG   0   0   0   0 | Trp TGG   0   0   0   0
------------------------------------------------------------------------------------------------------
Leu CTT   0   0   0   0 | Pro CCT   6   6   6   6 | His CAT   0   0   0   0 | Arg CGT   2   2   2   2
    CTC   1   1   1   1 |     CCC   2   2   2   2 |     CAC   0   0   0   0 |     CGC   0   0   0   0
    CTA   0   0   0   0 |     CCA   0   0   0   0 | Gln CAA   0   0   0   0 |     CGA   0   0   0   0
    CTG   0   0   0   0 |     CCG   0   0   0   0 |     CAG   0   0   0   0 |     CGG   0   0   0   0
------------------------------------------------------------------------------------------------------
Ile ATT   0   0   0   0 | Thr ACT   5   5   5   5 | Asn AAT   2   2   2   2 | Ser AGT   0   0   0   0
    ATC   1   1   1   1 |     ACC   4   4   4   4 |     AAC   2   2   2   2 |     AGC   2   2   2   2
    ATA   0   0   0   0 |     ACA   0   0   0   0 | Lys AAA   2   2   2   2 | Arg AGA   0   0   0   0
Met ATG   1   1   1   1 |     ACG   0   0   0   0 |     AAG  27  27  27  27 |     AGG   0   0   0   0
------------------------------------------------------------------------------------------------------
Val GTT   1   1   1   1 | Ala GCT  23  22  23  23 | Asp GAT   0   0   0   0 | Gly GGT   4   3   4   4
    GTC   0   0   0   0 |     GCC  13  14  13  13 |     GAC   0   0   0   0 |     GGC   1   2   1   1
    GTA   0   0   0   0 |     GCA   0   0   0   0 | Glu GAA   1   1   1   1 |     GGA   0   0   0   0
    GTG   1   1   1   1 |     GCG   2   2   2   2 |     GAG   3   3   3   3 |     GGG   0   0   0   0
------------------------------------------------------------------------------------------------------

Codon position x base (3x4) table for each sequence.

#1: CNBt88_004709-T1
position  1:    T:0.05310    C:0.15044    A:0.41593    G:0.38053
position  2:    T:0.10619    C:0.45133    A:0.30973    G:0.13274
position  3:    T:0.31858    C:0.24779    A:0.09735    G:0.33628
Average         T:0.15929    C:0.28319    A:0.27434    G:0.28319

#2: IAS62_000996   
position  1:    T:0.06195    C:0.15044    A:0.43363    G:0.35398
position  2:    T:0.12389    C:0.41593    A:0.34513    G:0.11504
position  3:    T:0.28319    C:0.28319    A:0.08850    G:0.34513
Average         T:0.15634    C:0.28319    A:0.28909    G:0.27139

#3: CNC05330.t01   
position  1:    T:0.06195    C:0.15044    A:0.42478    G:0.36283
position  2:    T:0.15044    C:0.40708    A:0.30973    G:0.13274
position  3:    T:0.32743    C:0.25664    A:0.09735    G:0.31858
Average         T:0.17994    C:0.27139    A:0.27729    G:0.27139

#4: CNBt88_003627-T1
position  1:    T:0.06195    C:0.09735    A:0.40708    G:0.43363
position  2:    T:0.06195    C:0.53097    A:0.32743    G:0.07965
position  3:    T:0.41593    C:0.23894    A:0.02655    G:0.31858
Average         T:0.17994    C:0.28909    A:0.25369    G:0.27729

#5: CNB3_004332    
position  1:    T:0.05310    C:0.09735    A:0.42478    G:0.42478
position  2:    T:0.07965    C:0.51327    A:0.32743    G:0.07965
position  3:    T:0.39823    C:0.24779    A:0.02655    G:0.32743
Average         T:0.17699    C:0.28614    A:0.25959    G:0.27729

#6: 7000006584223137
position  1:    T:0.04425    C:0.10619    A:0.42478    G:0.42478
position  2:    T:0.10619    C:0.48673    A:0.32743    G:0.07965
position  3:    T:0.41593    C:0.23009    A:0.01770    G:0.33628
Average         T:0.18879    C:0.27434    A:0.25664    G:0.28024

#7: 7000010362987151
position  1:    T:0.05310    C:0.09735    A:0.42478    G:0.42478
position  2:    T:0.07965    C:0.51327    A:0.32743    G:0.07965
position  3:    T:0.39823    C:0.23894    A:0.02655    G:0.33628
Average         T:0.17699    C:0.28319    A:0.25959    G:0.28024

#8: XXXX_004639T0  
position  1:    T:0.05310    C:0.09735    A:0.42478    G:0.42478
position  2:    T:0.07965    C:0.51327    A:0.32743    G:0.07965
position  3:    T:0.39823    C:0.24779    A:0.01770    G:0.33628
Average         T:0.17699    C:0.28614    A:0.25664    G:0.28024

#9: CDWM_000459T0  
position  1:    T:0.04425    C:0.10619    A:0.43363    G:0.41593
position  2:    T:0.10619    C:0.47788    A:0.32743    G:0.08850
position  3:    T:0.38938    C:0.24779    A:0.02655    G:0.33628
Average         T:0.17994    C:0.27729    A:0.26254    G:0.28024

#10: IAS62_002403   
position  1:    T:0.04425    C:0.10619    A:0.43363    G:0.41593
position  2:    T:0.10619    C:0.47788    A:0.32743    G:0.08850
position  3:    T:0.38938    C:0.24779    A:0.01770    G:0.34513
Average         T:0.17994    C:0.27729    A:0.25959    G:0.28319

#11: 7000010363294656
position  1:    T:0.04425    C:0.10619    A:0.44248    G:0.40708
position  2:    T:0.09735    C:0.48673    A:0.32743    G:0.08850
position  3:    T:0.40708    C:0.23894    A:0.01770    G:0.33628
Average         T:0.18289    C:0.27729    A:0.26254    G:0.27729

#12: I312_103123    
position  1:    T:0.04425    C:0.10619    A:0.44248    G:0.40708
position  2:    T:0.09735    C:0.48673    A:0.32743    G:0.08850
position  3:    T:0.39823    C:0.24779    A:0.01770    G:0.33628
Average         T:0.17994    C:0.28024    A:0.26254    G:0.27729

#13: CNBt210_004656-T1
position  1:    T:0.04425    C:0.15929    A:0.41593    G:0.38053
position  2:    T:0.10619    C:0.45133    A:0.30973    G:0.13274
position  3:    T:0.31858    C:0.24779    A:0.09735    G:0.33628
Average         T:0.15634    C:0.28614    A:0.27434    G:0.28319

#14: C366_01641     
position  1:    T:0.05310    C:0.15929    A:0.41593    G:0.37168
position  2:    T:0.10619    C:0.45133    A:0.30973    G:0.13274
position  3:    T:0.32743    C:0.23894    A:0.08850    G:0.34513
Average         T:0.16224    C:0.28319    A:0.27139    G:0.28319

#15: C367_01665     
position  1:    T:0.05310    C:0.15929    A:0.41593    G:0.37168
position  2:    T:0.10619    C:0.45133    A:0.30973    G:0.13274
position  3:    T:0.31858    C:0.24779    A:0.09735    G:0.33628
Average         T:0.15929    C:0.28614    A:0.27434    G:0.28024

#16: C356_01663     
position  1:    T:0.05310    C:0.15929    A:0.40708    G:0.38053
position  2:    T:0.10619    C:0.45133    A:0.30973    G:0.13274
position  3:    T:0.30973    C:0.23009    A:0.10619    G:0.35398
Average         T:0.15634    C:0.28024    A:0.27434    G:0.28909

#17: FUN_000947     
position  1:    T:0.05310    C:0.15929    A:0.40708    G:0.38053
position  2:    T:0.10619    C:0.45133    A:0.30973    G:0.13274
position  3:    T:0.30973    C:0.23009    A:0.10619    G:0.35398
Average         T:0.15634    C:0.28024    A:0.27434    G:0.28909

#18: LQV05_002620   
position  1:    T:0.05310    C:0.15929    A:0.40708    G:0.38053
position  2:    T:0.10619    C:0.45133    A:0.30973    G:0.13274
position  3:    T:0.30973    C:0.23009    A:0.10619    G:0.35398
Average         T:0.15634    C:0.28024    A:0.27434    G:0.28909

#19: CNAG_02924     
position  1:    T:0.05310    C:0.15929    A:0.41593    G:0.37168
position  2:    T:0.10619    C:0.45133    A:0.30973    G:0.13274
position  3:    T:0.31858    C:0.24779    A:0.09735    G:0.33628
Average         T:0.15929    C:0.28614    A:0.27434    G:0.28024

#20: XXXX_004063T0  
position  1:    T:0.05310    C:0.15929    A:0.43363    G:0.35398
position  2:    T:0.13274    C:0.41593    A:0.31858    G:0.13274
position  3:    T:0.30973    C:0.27434    A:0.08850    G:0.32743
Average         T:0.16519    C:0.28319    A:0.28024    G:0.27139

#21: CDWM_003692T0  
position  1:    T:0.06195    C:0.15044    A:0.43363    G:0.35398
position  2:    T:0.12389    C:0.41593    A:0.34513    G:0.11504
position  3:    T:0.28319    C:0.28319    A:0.08850    G:0.34513
Average         T:0.15634    C:0.28319    A:0.28909    G:0.27139

#22: I312_102223    
position  1:    T:0.05310    C:0.15929    A:0.43363    G:0.35398
position  2:    T:0.13274    C:0.41593    A:0.33628    G:0.11504
position  3:    T:0.28319    C:0.30088    A:0.07965    G:0.33628
Average         T:0.15634    C:0.29204    A:0.28319    G:0.26844

#23: 7000010362876734
position  1:    T:0.05310    C:0.15929    A:0.44248    G:0.34513
position  2:    T:0.14159    C:0.40708    A:0.33628    G:0.11504
position  3:    T:0.29204    C:0.30088    A:0.07080    G:0.33628
Average         T:0.16224    C:0.28909    A:0.28319    G:0.26549

#24: CNB3_000617    
position  1:    T:0.06195    C:0.15929    A:0.44248    G:0.33628
position  2:    T:0.13274    C:0.41593    A:0.32743    G:0.12389
position  3:    T:0.32743    C:0.26549    A:0.07965    G:0.32743
Average         T:0.17404    C:0.28024    A:0.28319    G:0.26254

#25: 7000010363454155
position  1:    T:0.05310    C:0.16814    A:0.45133    G:0.32743
position  2:    T:0.14159    C:0.40708    A:0.33628    G:0.11504
position  3:    T:0.30088    C:0.29204    A:0.07080    G:0.33628
Average         T:0.16519    C:0.28909    A:0.28614    G:0.25959

#26: 7000006584194326
position  1:    T:0.05310    C:0.15929    A:0.44248    G:0.34513
position  2:    T:0.13274    C:0.41593    A:0.33628    G:0.11504
position  3:    T:0.31858    C:0.28319    A:0.07080    G:0.32743
Average         T:0.16814    C:0.28614    A:0.28319    G:0.26254

#27: CNI03050.t01   
position  1:    T:0.05310    C:0.10619    A:0.40708    G:0.43363
position  2:    T:0.06195    C:0.53097    A:0.31858    G:0.08850
position  3:    T:0.40708    C:0.23894    A:0.02655    G:0.32743
Average         T:0.17404    C:0.29204    A:0.25074    G:0.28319

#28: CNAG_04168     
position  1:    T:0.06195    C:0.09735    A:0.40708    G:0.43363
position  2:    T:0.06195    C:0.53097    A:0.32743    G:0.07965
position  3:    T:0.38938    C:0.26549    A:0.02655    G:0.31858
Average         T:0.17109    C:0.29794    A:0.25369    G:0.27729

#29: C366_04915     
position  1:    T:0.06195    C:0.09735    A:0.40708    G:0.43363
position  2:    T:0.06195    C:0.53097    A:0.32743    G:0.07965
position  3:    T:0.41593    C:0.23894    A:0.02655    G:0.31858
Average         T:0.17994    C:0.28909    A:0.25369    G:0.27729

#30: C367_04748     
position  1:    T:0.06195    C:0.09735    A:0.40708    G:0.43363
position  2:    T:0.06195    C:0.53097    A:0.32743    G:0.07965
position  3:    T:0.41593    C:0.23894    A:0.02655    G:0.31858
Average         T:0.17994    C:0.28909    A:0.25369    G:0.27729

#31: C356_04801     
position  1:    T:0.06195    C:0.09735    A:0.40708    G:0.43363
position  2:    T:0.06195    C:0.53097    A:0.32743    G:0.07965
position  3:    T:0.40708    C:0.24779    A:0.02655    G:0.31858
Average         T:0.17699    C:0.29204    A:0.25369    G:0.27729

#32: CNBt210_003573-T1
position  1:    T:0.06195    C:0.09735    A:0.40708    G:0.43363
position  2:    T:0.06195    C:0.53097    A:0.32743    G:0.07965
position  3:    T:0.38938    C:0.26549    A:0.02655    G:0.31858
Average         T:0.17109    C:0.29794    A:0.25369    G:0.27729

#33: LQV05_006341   
position  1:    T:0.06195    C:0.09735    A:0.40708    G:0.43363
position  2:    T:0.06195    C:0.53097    A:0.32743    G:0.07965
position  3:    T:0.40708    C:0.24779    A:0.02655    G:0.31858
Average         T:0.17699    C:0.29204    A:0.25369    G:0.27729

#34: FUN_003705     
position  1:    T:0.06195    C:0.09735    A:0.40708    G:0.43363
position  2:    T:0.06195    C:0.53097    A:0.32743    G:0.07965
position  3:    T:0.40708    C:0.24779    A:0.02655    G:0.31858
Average         T:0.17699    C:0.29204    A:0.25369    G:0.27729

Sums of codon usage counts
------------------------------------------------------------------------------
Phe F TTT       0 | Ser S TCT      58 | Tyr Y TAT       0 | Cys C TGT       0
      TTC       0 |       TCC      69 |       TAC       0 |       TGC       0
Leu L TTA      11 |       TCA       7 | *** * TAA       0 | *** * TGA       0
      TTG      37 |       TCG      28 |       TAG       0 | Trp W TGG       0
------------------------------------------------------------------------------
Leu L CTT      31 | Pro P CCT     193 | His H CAT      25 | Arg R CGT      42
      CTC      25 |       CCC      96 |       CAC      11 |       CGC       0
      CTA       6 |       CCA       0 | Gln Q CAA       0 |       CGA      17
      CTG       5 |       CCG      19 |       CAG      17 |       CGG       9
------------------------------------------------------------------------------
Ile I ATT      30 | Thr T ACT     172 | Asn N AAT      42 | Ser S AGT      50
      ATC      61 |       ACC      78 |       AAC     109 |       AGC      74
      ATA       1 |       ACA       2 | Lys K AAA      64 | Arg R AGA      17
Met M ATG      42 |       ACG       4 |       AAG     864 |       AGG      12
------------------------------------------------------------------------------
Val V GTT      80 | Ala A GCT     543 | Asp D GAT       0 | Gly G GGT     102
      GTC      12 |       GCC     381 |       GAC       0 |       GGC      60
      GTA       2 |       GCA      58 | Glu E GAA      34 |       GGA       0
      GTG      38 |       GCG     107 |       GAG      80 |       GGG      17
------------------------------------------------------------------------------


Codon position x base (3x4) table, overall

position  1:    T:0.05466    C:0.12910    A:0.42218    G:0.39407
position  2:    T:0.09917    C:0.47241    A:0.32431    G:0.10411
position  3:    T:0.35606    C:0.25403    A:0.05700    G:0.33290
Average         T:0.16996    C:0.28518    A:0.26783    G:0.27703


Nei & Gojobori 1986. dN/dS (dN, dS)
(Note: This matrix is not used in later ML. analysis.
Use runmode = -2 for ML pairwise comparison.)

CNBt88_004709-T1    
IAS62_000996         0.1909 (0.0788 0.4128)
CNC05330.t01         0.2872 (0.0748 0.2606) 0.2802 (0.1250 0.4461)
CNBt88_003627-T1     0.3641 (0.3610 0.9912) 0.4675 (0.3982 0.8518) 0.3809 (0.3741 0.9822)
CNB3_004332          0.3449 (0.3886 1.1266) 0.4162 (0.4248 1.0208) 0.3671 (0.4092 1.1146) 0.1812 (0.0325 0.1795)
7000006584223137     0.4164 (0.3944 0.9472) 0.4515 (0.4239 0.9391) 0.4056 (0.4152 1.0237) 0.2517 (0.0451 0.1792) 0.2065 (0.0201 0.0975)
7000010362987151     0.3512 (0.3809 1.0845) 0.3874 (0.4167 1.0757) 0.3411 (0.4012 1.1762) 0.1812 (0.0325 0.1795) 0.1109 (0.0080 0.0721) 0.2548 (0.0120 0.0472)
XXXX_004639T0        0.3839 (0.3809 0.9922) 0.3874 (0.4167 1.0757) 0.3411 (0.4012 1.1762) 0.1675 (0.0325 0.1942) 0.1342 (0.0080 0.0596) 0.2022 (0.0120 0.0595)-1.0000 (0.0000 0.0352)
CDWM_000459T0        0.3754 (0.4076 1.0858) 0.4925 (0.4447 0.9030) 0.3989 (0.4287 1.0747) 0.2094 (0.0536 0.2559) 0.1707 (0.0283 0.1660) 0.5462 (0.0325 0.0595) 0.1815 (0.0201 0.1109) 0.1620 (0.0201 0.1243)
IAS62_002403         0.3926 (0.4076 1.0381) 0.5140 (0.4447 0.8651) 0.4170 (0.4287 1.0280) 0.2233 (0.0536 0.2400) 0.1866 (0.0283 0.1519) 0.6883 (0.0325 0.0472) 0.2060 (0.0201 0.0977) 0.1815 (0.0201 0.1109)-1.0000 (0.0000 0.0115)
7000010363294656     0.3629 (0.3941 1.0858) 0.4768 (0.4305 0.9030) 0.4215 (0.4148 0.9842) 0.2009 (0.0451 0.2244) 0.2054 (0.0283 0.1380) 0.9250 (0.0325 0.0351) 0.2374 (0.0201 0.0848) 0.2060 (0.0201 0.0977) 0.1688 (0.0080 0.0473) 0.2269 (0.0080 0.0352)
I312_103123          0.3796 (0.3941 1.0381) 0.4977 (0.4305 0.8651) 0.4035 (0.4148 1.0280) 0.2155 (0.0451 0.2092) 0.2280 (0.0283 0.1243) 1.3985 (0.0325 0.0232) 0.2793 (0.0201 0.0721) 0.2374 (0.0201 0.0848) 0.2269 (0.0080 0.0352) 0.3431 (0.0080 0.0233)-1.0000 (0.0000 0.0115)
CNBt210_004656-T1   -1.0000 (0.0079 0.0000) 0.2121 (0.0876 0.4131) 0.2870 (0.0748 0.2608) 0.3637 (0.3609 0.9923) 0.3386 (0.3819 1.1280) 0.4088 (0.3877 0.9482) 0.3447 (0.3742 1.0858) 0.3768 (0.3742 0.9933) 0.3686 (0.4007 1.0870) 0.3856 (0.4007 1.0393) 0.3563 (0.3873 1.0870) 0.3727 (0.3873 1.0393)
C366_01641           0.1667 (0.0040 0.0237) 0.1830 (0.0832 0.4547) 0.2705 (0.0705 0.2606) 0.3423 (0.3546 1.0357) 0.3549 (0.3820 1.0764) 0.4273 (0.3877 0.9075) 0.3610 (0.3743 1.0370) 0.3940 (0.3743 0.9500) 0.3861 (0.4008 1.0381) 0.4035 (0.4008 0.9933) 0.3732 (0.3874 1.0381) 0.3900 (0.3874 0.9933) 0.1666 (0.0040 0.0237)
C367_01665          -1.0000 (0.0040 0.0000) 0.2016 (0.0832 0.4128) 0.2705 (0.0705 0.2606) 0.3577 (0.3546 0.9912) 0.3390 (0.3820 1.1266) 0.4094 (0.3877 0.9472) 0.3451 (0.3743 1.0845) 0.3772 (0.3743 0.9922) 0.3691 (0.4008 1.0858) 0.3861 (0.4008 1.0381) 0.3568 (0.3874 1.0858) 0.3732 (0.3874 1.0381)-1.0000 (0.0040 0.0000)-1.0000 (0.0000 0.0237)
C356_01663           0.1646 (0.0079 0.0482) 0.2025 (0.0899 0.4437) 0.2702 (0.0749 0.2770) 0.3189 (0.3610 1.1321) 0.2991 (0.3887 1.2995) 0.3730 (0.3967 1.0636) 0.3055 (0.3810 1.2469) 0.3360 (0.3810 1.1340) 0.3426 (0.4077 1.1898) 0.3591 (0.4077 1.1353) 0.3313 (0.3942 1.1898) 0.3313 (0.3942 1.1898) 0.1645 (0.0079 0.0482) 0.0538 (0.0040 0.0735) 0.0821 (0.0040 0.0482)
FUN_000947           0.1646 (0.0079 0.0482) 0.2025 (0.0899 0.4437) 0.2702 (0.0749 0.2770) 0.3189 (0.3610 1.1321) 0.2991 (0.3887 1.2995) 0.3730 (0.3967 1.0636) 0.3055 (0.3810 1.2469) 0.3360 (0.3810 1.1340) 0.3426 (0.4077 1.1898) 0.3591 (0.4077 1.1353) 0.3313 (0.3942 1.1898) 0.3313 (0.3942 1.1898) 0.1645 (0.0079 0.0482) 0.0538 (0.0040 0.0735) 0.0821 (0.0040 0.0482)-1.0000 (0.0000 0.0000)
LQV05_002620         0.1646 (0.0079 0.0482) 0.2025 (0.0899 0.4437) 0.2702 (0.0749 0.2770) 0.3189 (0.3610 1.1321) 0.2991 (0.3887 1.2995) 0.3730 (0.3967 1.0636) 0.3055 (0.3810 1.2469) 0.3360 (0.3810 1.1340) 0.3426 (0.4077 1.1898) 0.3591 (0.4077 1.1353) 0.3313 (0.3942 1.1898) 0.3313 (0.3942 1.1898) 0.1645 (0.0079 0.0482) 0.0538 (0.0040 0.0735) 0.0821 (0.0040 0.0482)-1.0000 (0.0000 0.0000)-1.0000 (0.0000 0.0000)
CNAG_02924          -1.0000 (0.0040 0.0000) 0.2016 (0.0832 0.4128) 0.2705 (0.0705 0.2606) 0.3577 (0.3546 0.9912) 0.3390 (0.3820 1.1266) 0.4094 (0.3877 0.9472) 0.3451 (0.3743 1.0845) 0.3772 (0.3743 0.9922) 0.3691 (0.4008 1.0858) 0.3861 (0.4008 1.0381) 0.3568 (0.3874 1.0858) 0.3732 (0.3874 1.0381)-1.0000 (0.0040 0.0000)-1.0000 (0.0000 0.0237)-1.0000 (0.0000 0.0000) 0.0821 (0.0040 0.0482) 0.0821 (0.0040 0.0482) 0.0821 (0.0040 0.0482)
XXXX_004063T0        0.2724 (0.1058 0.3885) 0.2302 (0.0343 0.1488) 0.3661 (0.1396 0.3813) 0.6476 (0.4260 0.6578) 0.5142 (0.4441 0.8636) 0.5648 (0.4504 0.7973) 0.4802 (0.4358 0.9075) 0.4802 (0.4358 0.9075) 0.5566 (0.4645 0.8345) 0.5805 (0.4645 0.8002) 0.5566 (0.4645 0.8345) 0.5805 (0.4645 0.8002) 0.2957 (0.1150 0.3888) 0.2575 (0.1104 0.4287) 0.2842 (0.1104 0.3885) 0.2684 (0.1150 0.4285) 0.2684 (0.1150 0.4285) 0.2684 (0.1150 0.4285) 0.2842 (0.1104 0.3885)
CDWM_003692T0        0.1909 (0.0788 0.4128)-1.0000 (0.0000 0.0000) 0.2802 (0.1250 0.4461) 0.4675 (0.3982 0.8518) 0.4162 (0.4248 1.0208) 0.4515 (0.4239 0.9391) 0.3874 (0.4167 1.0757) 0.3874 (0.4167 1.0757) 0.4925 (0.4447 0.9030) 0.5140 (0.4447 0.8651) 0.4768 (0.4305 0.9030) 0.4977 (0.4305 0.8651) 0.2121 (0.0876 0.4131) 0.1830 (0.0832 0.4547) 0.2016 (0.0832 0.4128) 0.2025 (0.0899 0.4437) 0.2025 (0.0899 0.4437) 0.2025 (0.0899 0.4437) 0.2016 (0.0832 0.4128) 0.2302 (0.0343 0.1488)
I312_102223          0.2137 (0.0790 0.3697) 0.1294 (0.0079 0.0612) 0.3124 (0.1254 0.4013) 0.5492 (0.4017 0.7315) 0.4410 (0.4309 0.9769) 0.4855 (0.4370 0.9001) 0.4111 (0.4227 1.0282) 0.4111 (0.4227 1.0282) 0.5207 (0.4509 0.8660) 0.5432 (0.4509 0.8302) 0.5042 (0.4366 0.8660) 0.5260 (0.4366 0.8302) 0.2374 (0.0878 0.3699) 0.2040 (0.0834 0.4089) 0.2256 (0.0834 0.3697) 0.2150 (0.0879 0.4086) 0.2150 (0.0879 0.4086) 0.2150 (0.0879 0.4086) 0.2256 (0.0834 0.3697) 0.3736 (0.0323 0.0864) 0.1294 (0.0079 0.0612)
7000010362876734     0.2250 (0.0878 0.3901) 0.2144 (0.0159 0.0742) 0.3251 (0.1276 0.3925) 0.5896 (0.4150 0.7039) 0.4734 (0.4446 0.9393) 0.5207 (0.4509 0.8660) 0.4416 (0.4363 0.9881) 0.4416 (0.4363 0.9881) 0.5582 (0.4651 0.8332) 0.5822 (0.4651 0.7988) 0.5407 (0.4505 0.8332) 0.5640 (0.4505 0.7988) 0.2477 (0.0967 0.3903) 0.2324 (0.0937 0.4033) 0.2364 (0.0922 0.3901) 0.2248 (0.0967 0.4302) 0.2248 (0.0967 0.4302) 0.2248 (0.0967 0.4302) 0.2364 (0.0922 0.3901) 0.4062 (0.0405 0.0998) 0.2144 (0.0159 0.0742) 0.6731 (0.0079 0.0118)
CNB3_000617          0.2372 (0.0878 0.3702) 0.1166 (0.0199 0.1710) 0.3527 (0.1292 0.3663) 0.5908 (0.4152 0.7028) 0.4745 (0.4448 0.9374) 0.5219 (0.4512 0.8644) 0.4427 (0.4365 0.9861) 0.4427 (0.4365 0.9861) 0.5139 (0.4653 0.9054) 0.5363 (0.4653 0.8677) 0.4978 (0.4507 0.9054) 0.5195 (0.4507 0.8677) 0.2611 (0.0967 0.3704) 0.2253 (0.0923 0.4095) 0.2492 (0.0923 0.3702) 0.2364 (0.0968 0.4092) 0.2364 (0.0968 0.4092) 0.2364 (0.0968 0.4092) 0.2492 (0.0923 0.3702) 0.3651 (0.0364 0.0997) 0.1166 (0.0199 0.1710) 0.2004 (0.0200 0.0998) 0.2478 (0.0281 0.1135)
7000010363454155     0.2350 (0.0966 0.4111) 0.1528 (0.0240 0.1569) 0.3585 (0.1330 0.3709) 0.6068 (0.4285 0.7062) 0.5299 (0.4587 0.8656) 0.5640 (0.4505 0.7988) 0.4949 (0.4502 0.9098) 0.4949 (0.4502 0.9098) 0.5644 (0.4720 0.8363) 0.5888 (0.4720 0.8017) 0.5469 (0.4573 0.8363) 0.5705 (0.4573 0.8017) 0.2568 (0.1056 0.4114) 0.2669 (0.1026 0.3846) 0.2460 (0.1011 0.4111) 0.2335 (0.1057 0.4525) 0.2335 (0.1057 0.4525) 0.2335 (0.1057 0.4525) 0.2460 (0.1011 0.4111) 0.4051 (0.0405 0.1000) 0.1528 (0.0240 0.1569) 0.2401 (0.0240 0.1001) 0.1830 (0.0159 0.0870) 0.2804 (0.0281 0.1002)
7000006584194326     0.2721 (0.1011 0.3716) 0.2479 (0.0301 0.1214) 0.4270 (0.1425 0.3337) 0.6063 (0.4135 0.6819) 0.4808 (0.4312 0.8969) 0.5117 (0.4234 0.8274) 0.4486 (0.4231 0.9430) 0.4486 (0.4231 0.9430) 0.5209 (0.4513 0.8664) 0.5435 (0.4513 0.8304) 0.5209 (0.4513 0.8664) 0.5435 (0.4513 0.8304) 0.2963 (0.1102 0.3719) 0.2787 (0.1072 0.3846) 0.2843 (0.1056 0.3716) 0.2683 (0.1102 0.4108) 0.2683 (0.1102 0.4108) 0.2683 (0.1102 0.4108) 0.2843 (0.1056 0.3716) 0.7522 (0.0364 0.0483) 0.2479 (0.0301 0.1214) 0.4610 (0.0281 0.0610) 0.4117 (0.0200 0.0485) 0.4656 (0.0405 0.0869) 0.3257 (0.0199 0.0613)
CNI03050.t01         0.3693 (0.4004 1.0842) 0.4388 (0.4255 0.9697) 0.3525 (0.4144 1.1755) 0.2306 (0.0284 0.1233) 0.1502 (0.0409 0.2721) 0.2238 (0.0536 0.2396) 0.1703 (0.0409 0.2400) 0.1598 (0.0409 0.2559) 0.1924 (0.0622 0.3232) 0.2033 (0.0622 0.3058) 0.2152 (0.0622 0.2889) 0.2283 (0.0622 0.2723) 0.3626 (0.3936 1.0855) 0.3797 (0.3937 1.0369) 0.3631 (0.3937 1.0842) 0.3214 (0.4005 1.2459) 0.3214 (0.4005 1.2459) 0.3214 (0.4005 1.2459) 0.3631 (0.3937 1.0842) 0.5896 (0.4400 0.7463) 0.4388 (0.4255 0.9697) 0.5171 (0.4292 0.8300) 0.5546 (0.4430 0.7987) 0.5558 (0.4432 0.7973) 0.6200 (0.4570 0.7371) 0.5520 (0.4272 0.7740)
CNAG_04168           0.3969 (0.3610 0.9095) 0.5086 (0.3982 0.7829) 0.4148 (0.3741 0.9020)-1.0000 (0.0000 0.0349) 0.1450 (0.0325 0.2243) 0.2015 (0.0451 0.2239) 0.1450 (0.0325 0.2243) 0.1356 (0.0325 0.2399) 0.1753 (0.0536 0.3056) 0.1856 (0.0536 0.2887) 0.1657 (0.0451 0.2721) 0.1762 (0.0451 0.2559) 0.3964 (0.3609 0.9104) 0.3735 (0.3546 0.9493) 0.3899 (0.3546 0.9095) 0.3490 (0.3610 1.0346) 0.3490 (0.3610 1.0346) 0.3490 (0.3610 1.0346) 0.3899 (0.3546 0.9095) 0.7048 (0.4260 0.6044) 0.5086 (0.3982 0.7829) 0.5971 (0.4017 0.6728) 0.6148 (0.4150 0.6750) 0.6426 (0.4152 0.6461) 0.6328 (0.4285 0.6772) 0.6324 (0.4135 0.6538) 0.2078 (0.0284 0.1368)
C366_04915           0.3641 (0.3610 0.9912) 0.4675 (0.3982 0.8518) 0.3809 (0.3741 0.9822)-1.0000 (0.0000 0.0000) 0.1812 (0.0325 0.1795) 0.2517 (0.0451 0.1792) 0.1812 (0.0325 0.1795) 0.1675 (0.0325 0.1942) 0.2094 (0.0536 0.2559) 0.2233 (0.0536 0.2400) 0.2009 (0.0451 0.2244) 0.2155 (0.0451 0.2092) 0.3637 (0.3609 0.9923) 0.3423 (0.3546 1.0357) 0.3577 (0.3546 0.9912) 0.3189 (0.3610 1.1321) 0.3189 (0.3610 1.1321) 0.3189 (0.3610 1.1321) 0.3577 (0.3546 0.9912) 0.6476 (0.4260 0.6578) 0.4675 (0.3982 0.8518) 0.5492 (0.4017 0.7315) 0.5896 (0.4150 0.7039) 0.5908 (0.4152 0.7028) 0.6068 (0.4285 0.7062) 0.6063 (0.4135 0.6819) 0.2306 (0.0284 0.1233)-1.0000 (0.0000 0.0349)
C367_04748           0.3641 (0.3610 0.9912) 0.4675 (0.3982 0.8518) 0.3809 (0.3741 0.9822)-1.0000 (0.0000 0.0000) 0.1812 (0.0325 0.1795) 0.2517 (0.0451 0.1792) 0.1812 (0.0325 0.1795) 0.1675 (0.0325 0.1942) 0.2094 (0.0536 0.2559) 0.2233 (0.0536 0.2400) 0.2009 (0.0451 0.2244) 0.2155 (0.0451 0.2092) 0.3637 (0.3609 0.9923) 0.3423 (0.3546 1.0357) 0.3577 (0.3546 0.9912) 0.3189 (0.3610 1.1321) 0.3189 (0.3610 1.1321) 0.3189 (0.3610 1.1321) 0.3577 (0.3546 0.9912) 0.6476 (0.4260 0.6578) 0.4675 (0.3982 0.8518) 0.5492 (0.4017 0.7315) 0.5896 (0.4150 0.7039) 0.5908 (0.4152 0.7028) 0.6068 (0.4285 0.7062) 0.6063 (0.4135 0.6819) 0.2306 (0.0284 0.1233)-1.0000 (0.0000 0.0349)-1.0000 (0.0000 0.0000)
C356_04801           0.3803 (0.3610 0.9493) 0.4877 (0.3982 0.8165) 0.3976 (0.3741 0.9410)-1.0000 (0.0000 0.0114) 0.1675 (0.0325 0.1942) 0.2328 (0.0451 0.1938) 0.1675 (0.0325 0.1942) 0.1556 (0.0325 0.2091) 0.1969 (0.0536 0.2721) 0.2094 (0.0536 0.2559) 0.1879 (0.0451 0.2400) 0.2009 (0.0451 0.2244) 0.3798 (0.3609 0.9502) 0.3577 (0.3546 0.9912) 0.3735 (0.3546 0.9493) 0.3337 (0.3610 1.0818) 0.3337 (0.3610 1.0818) 0.3337 (0.3610 1.0818) 0.3735 (0.3546 0.9493) 0.6755 (0.4260 0.6306) 0.4877 (0.3982 0.8165) 0.5726 (0.4017 0.7016) 0.6148 (0.4150 0.6750) 0.6161 (0.4152 0.6739) 0.6328 (0.4285 0.6772) 0.6324 (0.4135 0.6538) 0.2584 (0.0284 0.1100)-1.0000 (0.0000 0.0231)-1.0000 (0.0000 0.0114)-1.0000 (0.0000 0.0114)
CNBt210_003573-T1    0.3969 (0.3610 0.9095) 0.5086 (0.3982 0.7829) 0.4148 (0.3741 0.9020)-1.0000 (0.0000 0.0349) 0.1450 (0.0325 0.2243) 0.2015 (0.0451 0.2239) 0.1450 (0.0325 0.2243) 0.1356 (0.0325 0.2399) 0.1753 (0.0536 0.3056) 0.1856 (0.0536 0.2887) 0.1657 (0.0451 0.2721) 0.1762 (0.0451 0.2559) 0.3964 (0.3609 0.9104) 0.3735 (0.3546 0.9493) 0.3899 (0.3546 0.9095) 0.3490 (0.3610 1.0346) 0.3490 (0.3610 1.0346) 0.3490 (0.3610 1.0346) 0.3899 (0.3546 0.9095) 0.7048 (0.4260 0.6044) 0.5086 (0.3982 0.7829) 0.5971 (0.4017 0.6728) 0.6148 (0.4150 0.6750) 0.6426 (0.4152 0.6461) 0.6328 (0.4285 0.6772) 0.6324 (0.4135 0.6538) 0.2078 (0.0284 0.1368)-1.0000 (0.0000 0.0000)-1.0000 (0.0000 0.0349)-1.0000 (0.0000 0.0349)-1.0000 (0.0000 0.0231)
LQV05_006341         0.3803 (0.3610 0.9493) 0.4877 (0.3982 0.8165) 0.3976 (0.3741 0.9410)-1.0000 (0.0000 0.0114) 0.1675 (0.0325 0.1942) 0.2328 (0.0451 0.1938) 0.1675 (0.0325 0.1942) 0.1556 (0.0325 0.2091) 0.1969 (0.0536 0.2721) 0.2094 (0.0536 0.2559) 0.1879 (0.0451 0.2400) 0.2009 (0.0451 0.2244) 0.3798 (0.3609 0.9502) 0.3577 (0.3546 0.9912) 0.3735 (0.3546 0.9493) 0.3337 (0.3610 1.0818) 0.3337 (0.3610 1.0818) 0.3337 (0.3610 1.0818) 0.3735 (0.3546 0.9493) 0.6755 (0.4260 0.6306) 0.4877 (0.3982 0.8165) 0.5726 (0.4017 0.7016) 0.6148 (0.4150 0.6750) 0.6161 (0.4152 0.6739) 0.6328 (0.4285 0.6772) 0.6324 (0.4135 0.6538) 0.2584 (0.0284 0.1100)-1.0000 (0.0000 0.0231)-1.0000 (0.0000 0.0114)-1.0000 (0.0000 0.0114)-1.0000 (0.0000 0.0000)-1.0000 (0.0000 0.0231)
FUN_003705           0.3803 (0.3610 0.9493) 0.4877 (0.3982 0.8165) 0.3976 (0.3741 0.9410)-1.0000 (0.0000 0.0114) 0.1675 (0.0325 0.1942) 0.2328 (0.0451 0.1938) 0.1675 (0.0325 0.1942) 0.1556 (0.0325 0.2091) 0.1969 (0.0536 0.2721) 0.2094 (0.0536 0.2559) 0.1879 (0.0451 0.2400) 0.2009 (0.0451 0.2244) 0.3798 (0.3609 0.9502) 0.3577 (0.3546 0.9912) 0.3735 (0.3546 0.9493) 0.3337 (0.3610 1.0818) 0.3337 (0.3610 1.0818) 0.3337 (0.3610 1.0818) 0.3735 (0.3546 0.9493) 0.6755 (0.4260 0.6306) 0.4877 (0.3982 0.8165) 0.5726 (0.4017 0.7016) 0.6148 (0.4150 0.6750) 0.6161 (0.4152 0.6739) 0.6328 (0.4285 0.6772) 0.6324 (0.4135 0.6538) 0.2584 (0.0284 0.1100)-1.0000 (0.0000 0.0231)-1.0000 (0.0000 0.0114)-1.0000 (0.0000 0.0114)-1.0000 (0.0000 0.0000)-1.0000 (0.0000 0.0231)-1.0000 (0.0000 0.0000)
TREE #  1:  (1, (((((((((2, 21), (22, 23)), ((20, 26), 25)), 24), ((((4, (29, ((31, 34), 33))), 30), (28, 32)), ((5, (((6, ((9, 10), (11, 12))), 8), 7)), 27))), 3), ((16, 17), 18)), 19), (14, 15)), 13);   MP score: 229
lnL(ntime: 65  np: 67):  -1702.877153      +0.000000
  35..1    35..36   36..37   37..38   38..39   39..40   40..41   41..42   42..43   43..44   44..2    44..21   43..45   45..22   45..23   42..46   46..47   47..20   47..26   46..25   41..24   40..48   48..49   49..50   50..51   51..4    51..52   52..29   52..53   53..54   54..31   54..34   53..33   50..30   49..55   55..28   55..32   48..56   56..57   57..5    57..58   58..59   59..60   60..6    60..61   61..62   62..9    62..10   61..63   63..11   63..12   59..8    58..7    56..27   39..3    38..64   64..65   65..16   65..17   64..18   37..19   36..66   66..14   66..15   35..13 
 0.009760 0.000004 0.000004 0.001774 0.133341 0.166707 0.213527 0.014832 0.043863 0.062164 0.000004 0.000004 0.009741 0.000004 0.030494 0.000004 0.032578 0.074603 0.063943 0.090021 0.063794 2.413757 0.000004 0.000004 0.000004 0.000004 0.000004 0.000004 0.008505 0.000004 0.000004 0.000004 0.000004 0.000004 0.025721 0.000004 0.000004 0.037594 0.142199 0.040721 0.020335 0.000004 0.027229 0.026619 0.054138 0.027240 0.008854 0.000004 0.008460 0.008749 0.000004 0.016655 0.009362 0.120281 0.286711 0.048717 0.000004 0.000004 0.000004 0.000004 0.000004 0.000004 0.019753 0.000004 0.009783 3.971066 0.292283

Note: Branch length is defined as number of nucleotide substitutions per codon (not per nucleotide site).

tree length =  4.372640

(1: 0.009760, (((((((((2: 0.000004, 21: 0.000004): 0.062164, (22: 0.000004, 23: 0.030494): 0.009741): 0.043863, ((20: 0.074603, 26: 0.063943): 0.032578, 25: 0.090021): 0.000004): 0.014832, 24: 0.063794): 0.213527, ((((4: 0.000004, (29: 0.000004, ((31: 0.000004, 34: 0.000004): 0.000004, 33: 0.000004): 0.008505): 0.000004): 0.000004, 30: 0.000004): 0.000004, (28: 0.000004, 32: 0.000004): 0.025721): 0.000004, ((5: 0.040721, (((6: 0.026619, ((9: 0.008854, 10: 0.000004): 0.027240, (11: 0.008749, 12: 0.000004): 0.008460): 0.054138): 0.027229, 8: 0.016655): 0.000004, 7: 0.009362): 0.020335): 0.142199, 27: 0.120281): 0.037594): 2.413757): 0.166707, 3: 0.286711): 0.133341, ((16: 0.000004, 17: 0.000004): 0.000004, 18: 0.000004): 0.048717): 0.001774, 19: 0.000004): 0.000004, (14: 0.019753, 15: 0.000004): 0.000004): 0.000004, 13: 0.009783);

(CNBt88_004709-T1: 0.009760, (((((((((IAS62_000996: 0.000004, CDWM_003692T0: 0.000004): 0.062164, (I312_102223: 0.000004, 7000010362876734: 0.030494): 0.009741): 0.043863, ((XXXX_004063T0: 0.074603, 7000006584194326: 0.063943): 0.032578, 7000010363454155: 0.090021): 0.000004): 0.014832, CNB3_000617: 0.063794): 0.213527, ((((CNBt88_003627-T1: 0.000004, (C366_04915: 0.000004, ((C356_04801: 0.000004, FUN_003705: 0.000004): 0.000004, LQV05_006341: 0.000004): 0.008505): 0.000004): 0.000004, C367_04748: 0.000004): 0.000004, (CNAG_04168: 0.000004, CNBt210_003573-T1: 0.000004): 0.025721): 0.000004, ((CNB3_004332: 0.040721, (((7000006584223137: 0.026619, ((CDWM_000459T0: 0.008854, IAS62_002403: 0.000004): 0.027240, (7000010363294656: 0.008749, I312_103123: 0.000004): 0.008460): 0.054138): 0.027229, XXXX_004639T0: 0.016655): 0.000004, 7000010362987151: 0.009362): 0.020335): 0.142199, CNI03050.t01: 0.120281): 0.037594): 2.413757): 0.166707, CNC05330.t01: 0.286711): 0.133341, ((C356_01663: 0.000004, FUN_000947: 0.000004): 0.000004, LQV05_002620: 0.000004): 0.048717): 0.001774, CNAG_02924: 0.000004): 0.000004, (C366_01641: 0.019753, C367_01665: 0.000004): 0.000004): 0.000004, CNBt210_004656-T1: 0.009783);

Detailed output identifying parameters

kappa (ts/tv) =  3.97107

omega (dN/dS) =  0.29228

dN & dS for each branch

 branch          t       N       S   dN/dS      dN      dS  N*dN  S*dS

  35..1      0.010   232.2   106.8  0.2923  0.0018  0.0063   0.4   0.7
  35..36     0.000   232.2   106.8  0.2923  0.0000  0.0000   0.0   0.0
  36..37     0.000   232.2   106.8  0.2923  0.0000  0.0000   0.0   0.0
  37..38     0.002   232.2   106.8  0.2923  0.0003  0.0011   0.1   0.1
  38..39     0.133   232.2   106.8  0.2923  0.0252  0.0862   5.9   9.2
  39..40     0.167   232.2   106.8  0.2923  0.0315  0.1078   7.3  11.5
  40..41     0.214   232.2   106.8  0.2923  0.0404  0.1381   9.4  14.8
  41..42     0.015   232.2   106.8  0.2923  0.0028  0.0096   0.7   1.0
  42..43     0.044   232.2   106.8  0.2923  0.0083  0.0284   1.9   3.0
  43..44     0.062   232.2   106.8  0.2923  0.0118  0.0402   2.7   4.3
  44..2      0.000   232.2   106.8  0.2923  0.0000  0.0000   0.0   0.0
  44..21     0.000   232.2   106.8  0.2923  0.0000  0.0000   0.0   0.0
  43..45     0.010   232.2   106.8  0.2923  0.0018  0.0063   0.4   0.7
  45..22     0.000   232.2   106.8  0.2923  0.0000  0.0000   0.0   0.0
  45..23     0.030   232.2   106.8  0.2923  0.0058  0.0197   1.3   2.1
  42..46     0.000   232.2   106.8  0.2923  0.0000  0.0000   0.0   0.0
  46..47     0.033   232.2   106.8  0.2923  0.0062  0.0211   1.4   2.3
  47..20     0.075   232.2   106.8  0.2923  0.0141  0.0483   3.3   5.2
  47..26     0.064   232.2   106.8  0.2923  0.0121  0.0414   2.8   4.4
  46..25     0.090   232.2   106.8  0.2923  0.0170  0.0582   4.0   6.2
  41..24     0.064   232.2   106.8  0.2923  0.0121  0.0413   2.8   4.4
  40..48     2.414   232.2   106.8  0.2923  0.4563  1.5613 105.9 166.8
  48..49     0.000   232.2   106.8  0.2923  0.0000  0.0000   0.0   0.0
  49..50     0.000   232.2   106.8  0.2923  0.0000  0.0000   0.0   0.0
  50..51     0.000   232.2   106.8  0.2923  0.0000  0.0000   0.0   0.0
  51..4      0.000   232.2   106.8  0.2923  0.0000  0.0000   0.0   0.0
  51..52     0.000   232.2   106.8  0.2923  0.0000  0.0000   0.0   0.0
  52..29     0.000   232.2   106.8  0.2923  0.0000  0.0000   0.0   0.0
  52..53     0.009   232.2   106.8  0.2923  0.0016  0.0055   0.4   0.6
  53..54     0.000   232.2   106.8  0.2923  0.0000  0.0000   0.0   0.0
  54..31     0.000   232.2   106.8  0.2923  0.0000  0.0000   0.0   0.0
  54..34     0.000   232.2   106.8  0.2923  0.0000  0.0000   0.0   0.0
  53..33     0.000   232.2   106.8  0.2923  0.0000  0.0000   0.0   0.0
  50..30     0.000   232.2   106.8  0.2923  0.0000  0.0000   0.0   0.0
  49..55     0.026   232.2   106.8  0.2923  0.0049  0.0166   1.1   1.8
  55..28     0.000   232.2   106.8  0.2923  0.0000  0.0000   0.0   0.0
  55..32     0.000   232.2   106.8  0.2923  0.0000  0.0000   0.0   0.0
  48..56     0.038   232.2   106.8  0.2923  0.0071  0.0243   1.7   2.6
  56..57     0.142   232.2   106.8  0.2923  0.0269  0.0920   6.2   9.8
  57..5      0.041   232.2   106.8  0.2923  0.0077  0.0263   1.8   2.8
  57..58     0.020   232.2   106.8  0.2923  0.0038  0.0132   0.9   1.4
  58..59     0.000   232.2   106.8  0.2923  0.0000  0.0000   0.0   0.0
  59..60     0.027   232.2   106.8  0.2923  0.0051  0.0176   1.2   1.9
  60..6      0.027   232.2   106.8  0.2923  0.0050  0.0172   1.2   1.8
  60..61     0.054   232.2   106.8  0.2923  0.0102  0.0350   2.4   3.7
  61..62     0.027   232.2   106.8  0.2923  0.0051  0.0176   1.2   1.9
  62..9      0.009   232.2   106.8  0.2923  0.0017  0.0057   0.4   0.6
  62..10     0.000   232.2   106.8  0.2923  0.0000  0.0000   0.0   0.0
  61..63     0.008   232.2   106.8  0.2923  0.0016  0.0055   0.4   0.6
  63..11     0.009   232.2   106.8  0.2923  0.0017  0.0057   0.4   0.6
  63..12     0.000   232.2   106.8  0.2923  0.0000  0.0000   0.0   0.0
  59..8      0.017   232.2   106.8  0.2923  0.0031  0.0108   0.7   1.2
  58..7      0.009   232.2   106.8  0.2923  0.0018  0.0061   0.4   0.6
  56..27     0.120   232.2   106.8  0.2923  0.0227  0.0778   5.3   8.3
  39..3      0.287   232.2   106.8  0.2923  0.0542  0.1855  12.6  19.8
  38..64     0.049   232.2   106.8  0.2923  0.0092  0.0315   2.1   3.4
  64..65     0.000   232.2   106.8  0.2923  0.0000  0.0000   0.0   0.0
  65..16     0.000   232.2   106.8  0.2923  0.0000  0.0000   0.0   0.0
  65..17     0.000   232.2   106.8  0.2923  0.0000  0.0000   0.0   0.0
  64..18     0.000   232.2   106.8  0.2923  0.0000  0.0000   0.0   0.0
  37..19     0.000   232.2   106.8  0.2923  0.0000  0.0000   0.0   0.0
  36..66     0.000   232.2   106.8  0.2923  0.0000  0.0000   0.0   0.0
  66..14     0.020   232.2   106.8  0.2923  0.0037  0.0128   0.9   1.4
  66..15     0.000   232.2   106.8  0.2923  0.0000  0.0000   0.0   0.0
  35..13     0.010   232.2   106.8  0.2923  0.0018  0.0063   0.4   0.7

tree length for dN:       0.8267
tree length for dS:       2.8283

